   1               		.file	"sonar.c"
   2               	__SREG__ = 0x3f
   3               	__SP_H__ = 0x3e
   4               	__SP_L__ = 0x3d
   5               	__CCP__  = 0x34
   6               	__tmp_reg__ = 0
   7               	__zero_reg__ = 1
  15               	.Ltext0:
  16               	.global	init_sonar
  18               	init_sonar:
  19               	.LFB8:
  20               	.LM1:
  21               	/* prologue: function */
  22               	/* frame size = 0 */
  23               	.LM2:
  24 0000 BB9A      		sbi 55-32,3
  25               	.LM3:
  26 0002 BC98      		cbi 55-32,4
  27               	.LM4:
  28 0004 A59A      		sbi 52-32,5
  29               	.LM5:
  30 0006 A698      		cbi 52-32,6
  31               	/* epilogue start */
  32               	.LM6:
  33 0008 0895      		ret
  34               	.LFE8:
  36               	.global	trigger_sonar_left
  38               	trigger_sonar_left:
  39               	.LFB9:
  40               	.LM7:
  41               	/* prologue: function */
  42               	/* frame size = 0 */
  43               	.LM8:
  44 000a AD98      		cbi 53-32,5
  45               	.LBB74:
  46               	.LBB75:
  47               	.LBB76:
  48               	.LBB77:
  49               	.LM9:
  50 000c 85E0      		ldi r24,lo8(5)
  51 000e 982F      		mov r25,r24
  52               	.LVL0:
  53               	/* #APP */
  54               	 ;  83 "c:/winavr-20100110/lib/gcc/../../avr/include/util/delay_basic.h" 1
  55 0010 9A95      		1: dec r25
  56 0012 01F4      		brne 1b
  57               	 ;  0 "" 2
  58               	/* #NOAPP */
  59               	.LBE77:
  60               	.LBE76:
  61               	.LBE75:
  62               	.LBE74:
  63               	.LM10:
  64 0014 AD9A      		sbi 53-32,5
  65               	.LBB78:
  66               	.LBB79:
  67               	.LBB80:
  68               	.LBB81:
  69               	.LM11:
  70 0016 90E4      		ldi r25,lo8(64)
  71               	.LVL1:
  72               	/* #APP */
  73               	 ;  83 "c:/winavr-20100110/lib/gcc/../../avr/include/util/delay_basic.h" 1
  74 0018 9A95      		1: dec r25
  75 001a 01F4      		brne 1b
  76               	 ;  0 "" 2
  77               	/* #NOAPP */
  78               	.LBE81:
  79               	.LBE80:
  80               	.LBE79:
  81               	.LBE78:
  82               	.LM12:
  83 001c AD98      		cbi 53-32,5
  84               	.LBB82:
  85               	.LBB83:
  86               	.LBB84:
  87               	.LBB85:
  88               	.LM13:
  89               	/* #APP */
  90               	 ;  83 "c:/winavr-20100110/lib/gcc/../../avr/include/util/delay_basic.h" 1
  91 001e 8A95      		1: dec r24
  92 0020 01F4      		brne 1b
  93               	 ;  0 "" 2
  94               	.LVL2:
  95               	/* epilogue start */
  96               	/* #NOAPP */
  97               	.LBE85:
  98               	.LBE84:
  99               	.LBE83:
 100               	.LBE82:
 101               	.LM14:
 102 0022 0895      		ret
 103               	.LFE9:
 105               	.global	trigger_sonar_right
 107               	trigger_sonar_right:
 108               	.LFB10:
 109               	.LM15:
 110               	/* prologue: function */
 111               	/* frame size = 0 */
 112               	.LM16:
 113 0024 C398      		cbi 56-32,3
 114               	.LBB86:
 115               	.LBB87:
 116               	.LBB88:
 117               	.LBB89:
 118               	.LM17:
 119 0026 85E0      		ldi r24,lo8(5)
 120 0028 982F      		mov r25,r24
 121               	.LVL3:
 122               	/* #APP */
 123               	 ;  83 "c:/winavr-20100110/lib/gcc/../../avr/include/util/delay_basic.h" 1
 124 002a 9A95      		1: dec r25
 125 002c 01F4      		brne 1b
 126               	 ;  0 "" 2
 127               	/* #NOAPP */
 128               	.LBE89:
 129               	.LBE88:
 130               	.LBE87:
 131               	.LBE86:
 132               	.LM18:
 133 002e C39A      		sbi 56-32,3
 134               	.LBB90:
 135               	.LBB91:
 136               	.LBB92:
 137               	.LBB93:
 138               	.LM19:
 139 0030 90E4      		ldi r25,lo8(64)
 140               	.LVL4:
 141               	/* #APP */
 142               	 ;  83 "c:/winavr-20100110/lib/gcc/../../avr/include/util/delay_basic.h" 1
 143 0032 9A95      		1: dec r25
 144 0034 01F4      		brne 1b
 145               	 ;  0 "" 2
 146               	/* #NOAPP */
 147               	.LBE93:
 148               	.LBE92:
 149               	.LBE91:
 150               	.LBE90:
 151               	.LM20:
 152 0036 C398      		cbi 56-32,3
 153               	.LBB94:
 154               	.LBB95:
 155               	.LBB96:
 156               	.LBB97:
 157               	.LM21:
 158               	/* #APP */
 159               	 ;  83 "c:/winavr-20100110/lib/gcc/../../avr/include/util/delay_basic.h" 1
 160 0038 8A95      		1: dec r24
 161 003a 01F4      		brne 1b
 162               	 ;  0 "" 2
 163               	.LVL5:
 164               	/* epilogue start */
 165               	/* #NOAPP */
 166               	.LBE97:
 167               	.LBE96:
 168               	.LBE95:
 169               	.LBE94:
 170               	.LM22:
 171 003c 0895      		ret
 172               	.LFE10:
 174               	.global	read_sonar
 176               	read_sonar:
 177               	.LFB11:
 178               	.LM23:
 179               	.LVL6:
 180 003e CF93      		push r28
 181 0040 DF93      		push r29
 182               	/* prologue: function */
 183               	/* frame size = 0 */
 184 0042 EC01      		movw r28,r24
 185               	.LM24:
 186 0044 0E94 0000 		call trigger_sonar_right
 187               	.LVL7:
 188 0048 80E0      		ldi r24,lo8(0)
 189 004a 90E0      		ldi r25,hi8(0)
 190 004c A0E0      		ldi r26,hlo8(0)
 191 004e B0E0      		ldi r27,hhi8(0)
 192               	.LVL8:
 193               	.L9:
 194               	.LM25:
 195 0050 B499      		sbic 54-32,4
 196 0052 00C0      		rjmp .L8
 197               	.LM26:
 198 0054 0196      		adiw r24,1
 199 0056 A11D      		adc r26,__zero_reg__
 200 0058 B11D      		adc r27,__zero_reg__
 201 005a 803C      		cpi r24,lo8(600000)
 202 005c 27E2      		ldi r18,hi8(600000)
 203 005e 9207      		cpc r25,r18
 204 0060 29E0      		ldi r18,hlo8(600000)
 205 0062 A207      		cpc r26,r18
 206 0064 20E0      		ldi r18,hhi8(600000)
 207 0066 B207      		cpc r27,r18
 208 0068 01F4      		brne .L9
 209               	.LM27:
 210 006a 1882      		st Y,__zero_reg__
 211 006c 1982      		std Y+1,__zero_reg__
 212 006e 1A82      		std Y+2,__zero_reg__
 213 0070 1B82      		std Y+3,__zero_reg__
 214               	.L8:
 215               	.LM28:
 216 0072 1FBC      		out 79-32,__zero_reg__
 217               	.LM29:
 218 0074 8EB5      		in r24,78-32
 219               	.LVL9:
 220 0076 8260      		ori r24,lo8(2)
 221 0078 8EBD      		out 78-32,r24
 222               	.LM30:
 223 007a 1DBC      		out (76)+1-32,__zero_reg__
 224 007c 1CBC      		out 76-32,__zero_reg__
 225 007e 20E0      		ldi r18,lo8(0)
 226 0080 30E0      		ldi r19,hi8(0)
 227 0082 40E0      		ldi r20,hlo8(0)
 228 0084 50E0      		ldi r21,hhi8(0)
 229               	.LVL10:
 230               	.L11:
 231               	.LM31:
 232 0086 B49B      		sbis 54-32,4
 233 0088 00C0      		rjmp .L10
 234               	.LM32:
 235 008a 8CB5      		in r24,76-32
 236 008c 9DB5      		in r25,(76)+1-32
 237 008e 8156      		subi r24,lo8(-5535)
 238 0090 9A4E      		sbci r25,hi8(-5535)
 239 0092 00F4      		brsh .L10
 240               	.LM33:
 241 0094 2F5F      		subi r18,lo8(-(1))
 242 0096 3F4F      		sbci r19,hi8(-(1))
 243 0098 4F4F      		sbci r20,hlo8(-(1))
 244 009a 5F4F      		sbci r21,hhi8(-(1))
 245 009c 203C      		cpi r18,lo8(600000)
 246 009e 87E2      		ldi r24,hi8(600000)
 247 00a0 3807      		cpc r19,r24
 248 00a2 89E0      		ldi r24,hlo8(600000)
 249 00a4 4807      		cpc r20,r24
 250 00a6 80E0      		ldi r24,hhi8(600000)
 251 00a8 5807      		cpc r21,r24
 252 00aa 01F4      		brne .L11
 253               	.LM34:
 254 00ac 81E0      		ldi r24,lo8(1)
 255 00ae 90E0      		ldi r25,hi8(1)
 256 00b0 A0E0      		ldi r26,hlo8(1)
 257 00b2 B0E0      		ldi r27,hhi8(1)
 258 00b4 8883      		st Y,r24
 259 00b6 9983      		std Y+1,r25
 260 00b8 AA83      		std Y+2,r26
 261 00ba BB83      		std Y+3,r27
 262               	.L10:
 263               	.LM35:
 264 00bc 8CB5      		in r24,76-32
 265 00be 9DB5      		in r25,(76)+1-32
 266               	.LM36:
 267 00c0 1EBC      		out 78-32,__zero_reg__
 268               	.LM37:
 269 00c2 8156      		subi r24,lo8(-5535)
 270 00c4 9A4E      		sbci r25,hi8(-5535)
 271 00c6 00F0      		brlo .L12
 272               	.LM38:
 273 00c8 82E0      		ldi r24,lo8(2)
 274 00ca 90E0      		ldi r25,hi8(2)
 275 00cc A0E0      		ldi r26,hlo8(2)
 276 00ce B0E0      		ldi r27,hhi8(2)
 277 00d0 8883      		st Y,r24
 278 00d2 9983      		std Y+1,r25
 279 00d4 AA83      		std Y+2,r26
 280 00d6 BB83      		std Y+3,r27
 281 00d8 00C0      		rjmp .L13
 282               	.L12:
 283               	.LM39:
 284 00da CA01      		movw r24,r20
 285 00dc B901      		movw r22,r18
 286 00de 2AE3      		ldi r18,lo8(58)
 287 00e0 30E0      		ldi r19,hi8(58)
 288 00e2 40E0      		ldi r20,hlo8(58)
 289 00e4 50E0      		ldi r21,hhi8(58)
 290               	.LVL11:
 291 00e6 0E94 0000 		call __udivmodsi4
 292 00ea 2883      		st Y,r18
 293 00ec 3983      		std Y+1,r19
 294 00ee 4A83      		std Y+2,r20
 295 00f0 5B83      		std Y+3,r21
 296               	.LVL12:
 297               	.L13:
 298               	.LM40:
 299 00f2 0E94 0000 		call trigger_sonar_left
 300               	.LVL13:
 301 00f6 80E0      		ldi r24,lo8(0)
 302 00f8 90E0      		ldi r25,hi8(0)
 303 00fa A0E0      		ldi r26,hlo8(0)
 304 00fc B0E0      		ldi r27,hhi8(0)
 305               	.LVL14:
 306               	.L15:
 307               	.LM41:
 308 00fe 9E99      		sbic 51-32,6
 309 0100 00C0      		rjmp .L14
 310               	.LM42:
 311 0102 0196      		adiw r24,1
 312 0104 A11D      		adc r26,__zero_reg__
 313 0106 B11D      		adc r27,__zero_reg__
 314 0108 803C      		cpi r24,lo8(600000)
 315 010a 27E2      		ldi r18,hi8(600000)
 316 010c 9207      		cpc r25,r18
 317 010e 29E0      		ldi r18,hlo8(600000)
 318 0110 A207      		cpc r26,r18
 319 0112 20E0      		ldi r18,hhi8(600000)
 320 0114 B207      		cpc r27,r18
 321 0116 01F4      		brne .L15
 322               	.LM43:
 323 0118 1C82      		std Y+4,__zero_reg__
 324 011a 1D82      		std Y+5,__zero_reg__
 325 011c 1E82      		std Y+6,__zero_reg__
 326 011e 1F82      		std Y+7,__zero_reg__
 327               	.L14:
 328               	.LM44:
 329 0120 1FBC      		out 79-32,__zero_reg__
 330               	.LM45:
 331 0122 8EB5      		in r24,78-32
 332               	.LVL15:
 333 0124 8260      		ori r24,lo8(2)
 334 0126 8EBD      		out 78-32,r24
 335               	.LM46:
 336 0128 1DBC      		out (76)+1-32,__zero_reg__
 337 012a 1CBC      		out 76-32,__zero_reg__
 338 012c 20E0      		ldi r18,lo8(0)
 339 012e 30E0      		ldi r19,hi8(0)
 340 0130 40E0      		ldi r20,hlo8(0)
 341 0132 50E0      		ldi r21,hhi8(0)
 342               	.LVL16:
 343               	.L17:
 344               	.LM47:
 345 0134 9E9B      		sbis 51-32,6
 346 0136 00C0      		rjmp .L16
 347               	.LM48:
 348 0138 8CB5      		in r24,76-32
 349 013a 9DB5      		in r25,(76)+1-32
 350               	.LM49:
 351 013c 2F5F      		subi r18,lo8(-(1))
 352 013e 3F4F      		sbci r19,hi8(-(1))
 353 0140 4F4F      		sbci r20,hlo8(-(1))
 354 0142 5F4F      		sbci r21,hhi8(-(1))
 355 0144 203C      		cpi r18,lo8(600000)
 356 0146 67E2      		ldi r22,hi8(600000)
 357 0148 3607      		cpc r19,r22
 358 014a 69E0      		ldi r22,hlo8(600000)
 359 014c 4607      		cpc r20,r22
 360 014e 60E0      		ldi r22,hhi8(600000)
 361 0150 5607      		cpc r21,r22
 362 0152 01F4      		brne .L17
 363               	.LM50:
 364 0154 81E0      		ldi r24,lo8(1)
 365 0156 90E0      		ldi r25,hi8(1)
 366 0158 A0E0      		ldi r26,hlo8(1)
 367 015a B0E0      		ldi r27,hhi8(1)
 368 015c 8C83      		std Y+4,r24
 369 015e 9D83      		std Y+5,r25
 370 0160 AE83      		std Y+6,r26
 371 0162 BF83      		std Y+7,r27
 372               	.L16:
 373               	.LM51:
 374 0164 8CB5      		in r24,76-32
 375 0166 9DB5      		in r25,(76)+1-32
 376               	.LM52:
 377 0168 1EBC      		out 78-32,__zero_reg__
 378               	.LM53:
 379 016a 8156      		subi r24,lo8(-5535)
 380 016c 9A4E      		sbci r25,hi8(-5535)
 381 016e 00F0      		brlo .L18
 382               	.LM54:
 383 0170 82E0      		ldi r24,lo8(2)
 384 0172 90E0      		ldi r25,hi8(2)
 385 0174 A0E0      		ldi r26,hlo8(2)
 386 0176 B0E0      		ldi r27,hhi8(2)
 387 0178 8C83      		std Y+4,r24
 388 017a 9D83      		std Y+5,r25
 389 017c AE83      		std Y+6,r26
 390 017e BF83      		std Y+7,r27
 391 0180 00C0      		rjmp .L20
 392               	.L18:
 393               	.LM55:
 394 0182 CA01      		movw r24,r20
 395 0184 B901      		movw r22,r18
 396 0186 2AE3      		ldi r18,lo8(58)
 397 0188 30E0      		ldi r19,hi8(58)
 398 018a 40E0      		ldi r20,hlo8(58)
 399 018c 50E0      		ldi r21,hhi8(58)
 400               	.LVL17:
 401 018e 0E94 0000 		call __udivmodsi4
 402 0192 2C83      		std Y+4,r18
 403 0194 3D83      		std Y+5,r19
 404 0196 4E83      		std Y+6,r20
 405 0198 5F83      		std Y+7,r21
 406               	.LVL18:
 407               	.L20:
 408               	/* epilogue start */
 409               	.LM56:
 410 019a DF91      		pop r29
 411 019c CF91      		pop r28
 412               	.LVL19:
 413 019e 0895      		ret
 414               	.LFE11:
 416               		.comm uint_global_prad_M1,2,1
 417               		.comm uint_global_prad_M2,2,1
 418               		.comm uint_global_prad_M3,2,1
 419               		.comm uint_global_prad_M4,2,1
 420               		.comm uart_echo,1,1
 421               		.comm UART0_TxHead,1,1
 422               		.comm UART0_TxTail,1,1
 423               		.comm UART0_RxHead,1,1
 424               		.comm UART0_RxTail,1,1
 425               		.comm UART1_TxHead,1,1
 426               		.comm UART1_TxTail,1,1
 427               		.comm UART1_RxHead,1,1
 428               		.comm UART1_RxTail,1,1
 477               	.Letext0:
DEFINED SYMBOLS
                            *ABS*:00000000 sonar.c
C:\Users\magku\AppData\Local\Temp/ccKjrZwE.s:2      *ABS*:0000003f __SREG__
C:\Users\magku\AppData\Local\Temp/ccKjrZwE.s:3      *ABS*:0000003e __SP_H__
C:\Users\magku\AppData\Local\Temp/ccKjrZwE.s:4      *ABS*:0000003d __SP_L__
C:\Users\magku\AppData\Local\Temp/ccKjrZwE.s:5      *ABS*:00000034 __CCP__
C:\Users\magku\AppData\Local\Temp/ccKjrZwE.s:6      *ABS*:00000000 __tmp_reg__
C:\Users\magku\AppData\Local\Temp/ccKjrZwE.s:7      *ABS*:00000001 __zero_reg__
C:\Users\magku\AppData\Local\Temp/ccKjrZwE.s:18     .text:00000000 init_sonar
C:\Users\magku\AppData\Local\Temp/ccKjrZwE.s:38     .text:0000000a trigger_sonar_left
C:\Users\magku\AppData\Local\Temp/ccKjrZwE.s:107    .text:00000024 trigger_sonar_right
C:\Users\magku\AppData\Local\Temp/ccKjrZwE.s:176    .text:0000003e read_sonar
                            *COM*:00000002 uint_global_prad_M1
                            *COM*:00000002 uint_global_prad_M2
                            *COM*:00000002 uint_global_prad_M3
                            *COM*:00000002 uint_global_prad_M4
                            *COM*:00000001 uart_echo
                            *COM*:00000001 UART0_TxHead
                            *COM*:00000001 UART0_TxTail
                            *COM*:00000001 UART0_RxHead
                            *COM*:00000001 UART0_RxTail
                            *COM*:00000001 UART1_TxHead
                            *COM*:00000001 UART1_TxTail
                            *COM*:00000001 UART1_RxHead
                            *COM*:00000001 UART1_RxTail

UNDEFINED SYMBOLS
__udivmodsi4
__do_clear_bss
