   1               		.file	"Uart.c"
   2               	__SREG__ = 0x3f
   3               	__SP_H__ = 0x3e
   4               	__SP_L__ = 0x3d
   5               	__CCP__  = 0x34
   6               	__tmp_reg__ = 0
   7               	__zero_reg__ = 1
  15               	.Ltext0:
  16               	.global	UART0_init
  18               	UART0_init:
  19               	.LFB8:
  20               	.LM1:
  21               	/* prologue: function */
  22               	/* frame size = 0 */
  23               	.LM2:
  24 0000 80E1      		ldi r24,lo8(16)
  25 0002 89B9      		out 41-32,r24
  26               	.LM3:
  27 0004 88E9      		ldi r24,lo8(-104)
  28 0006 8AB9      		out 42-32,r24
  29               	.LM4:
  30 0008 86E8      		ldi r24,lo8(-122)
  31 000a 8093 9500 		sts 149,r24
  32               	.LM5:
  33 000e 1092 0000 		sts UART0_RxTail,__zero_reg__
  34               	.LM6:
  35 0012 1092 0000 		sts UART0_RxHead,__zero_reg__
  36               	.LM7:
  37 0016 1092 0000 		sts UART0_TxTail,__zero_reg__
  38               	.LM8:
  39 001a 1092 0000 		sts UART0_TxHead,__zero_reg__
  40               	.LM9:
  41 001e 1092 0000 		sts uart_echo,__zero_reg__
  42               	/* epilogue start */
  43               	.LM10:
  44 0022 0895      		ret
  45               	.LFE8:
  47               	.global	UART1_init
  49               	UART1_init:
  50               	.LFB9:
  51               	.LM11:
  52               	/* prologue: function */
  53               	/* frame size = 0 */
  54               	.LM12:
  55 0024 80E1      		ldi r24,lo8(16)
  56 0026 8093 9900 		sts 153,r24
  57               	.LM13:
  58 002a 88E9      		ldi r24,lo8(-104)
  59 002c 8093 9A00 		sts 154,r24
  60               	.LM14:
  61 0030 86E8      		ldi r24,lo8(-122)
  62 0032 8093 9D00 		sts 157,r24
  63               	.LM15:
  64 0036 1092 0000 		sts UART1_RxTail,__zero_reg__
  65               	.LM16:
  66 003a 1092 0000 		sts UART1_RxHead,__zero_reg__
  67               	.LM17:
  68 003e 1092 0000 		sts UART1_TxTail,__zero_reg__
  69               	.LM18:
  70 0042 1092 0000 		sts UART1_TxHead,__zero_reg__
  71               	.LM19:
  72 0046 1092 0000 		sts uart_echo,__zero_reg__
  73               	/* epilogue start */
  74               	.LM20:
  75 004a 0895      		ret
  76               	.LFE9:
  78               	.global	UART0_disable
  80               	UART0_disable:
  81               	.LFB10:
  82               	.LM21:
  83               	/* prologue: function */
  84               	/* frame size = 0 */
  85               	.LM22:
  86 004c 8AB1      		in r24,42-32
  87 004e 8770      		andi r24,lo8(7)
  88 0050 8AB9      		out 42-32,r24
  89               	/* epilogue start */
  90               	.LM23:
  91 0052 0895      		ret
  92               	.LFE10:
  94               	.global	UART1_disable
  96               	UART1_disable:
  97               	.LFB11:
  98               	.LM24:
  99               	/* prologue: function */
 100               	/* frame size = 0 */
 101               	.LM25:
 102 0054 EAE9      		ldi r30,lo8(154)
 103 0056 F0E0      		ldi r31,hi8(154)
 104 0058 8081      		ld r24,Z
 105 005a 8770      		andi r24,lo8(7)
 106 005c 8083      		st Z,r24
 107               	/* epilogue start */
 108               	.LM26:
 109 005e 0895      		ret
 110               	.LFE11:
 112               	.global	__vector_18
 114               	__vector_18:
 115               	.LFB12:
 116               	.LM27:
 117 0060 1F92      		push __zero_reg__
 118 0062 0F92      		push r0
 119 0064 0FB6      		in r0,__SREG__
 120 0066 0F92      		push r0
 121 0068 0BB6      		in r0,91-32
 122 006a 0F92      		push r0
 123 006c 1124      		clr __zero_reg__
 124 006e 8F93      		push r24
 125 0070 9F93      		push r25
 126 0072 EF93      		push r30
 127 0074 FF93      		push r31
 128               	/* prologue: Signal */
 129               	/* frame size = 0 */
 130               	.LM28:
 131 0076 9CB1      		in r25,44-32
 132 0078 9093 0000 		sts data.1719,r25
 133               	.LM29:
 134 007c E091 0000 		lds r30,UART0_RxHead
 135 0080 EF5F      		subi r30,lo8(-(1))
 136 0082 EF77      		andi r30,lo8(127)
 137 0084 E093 0000 		sts tmphead.1720,r30
 138               	.LM30:
 139 0088 E093 0000 		sts UART0_RxHead,r30
 140               	.LM31:
 141 008c 8091 0000 		lds r24,UART0_RxTail
 142 0090 E817      		cp r30,r24
 143 0092 01F4      		brne .L10
 144               	.LBB16:
 145               	.LBB17:
 146               	.LM32:
 147 0094 8FB7      		in r24,__SREG__
 148               	.LVL0:
 149               	.LM33:
 150               	/* #APP */
 151               	 ;  405 "Uart.c" 1
 152 0096 F894      		cli
 153               	 ;  0 "" 2
 154               	.LM34:
 155               	/* #NOAPP */
 156 0098 1092 0000 		sts UART0_RxHead,__zero_reg__
 157               	.LM35:
 158 009c 1092 0000 		sts UART0_RxTail,__zero_reg__
 159               	.LM36:
 160 00a0 8FBF      		out __SREG__,r24
 161 00a2 00C0      		rjmp .L12
 162               	.LVL1:
 163               	.L10:
 164               	.LBE17:
 165               	.LBE16:
 166               	.LM37:
 167 00a4 F0E0      		ldi r31,lo8(0)
 168 00a6 E050      		subi r30,lo8(-(UART0_RxBuf))
 169 00a8 F040      		sbci r31,hi8(-(UART0_RxBuf))
 170 00aa 9083      		st Z,r25
 171               	.LVL2:
 172               	.L12:
 173               	/* epilogue start */
 174               	.LM38:
 175 00ac FF91      		pop r31
 176 00ae EF91      		pop r30
 177 00b0 9F91      		pop r25
 178 00b2 8F91      		pop r24
 179               	.LVL3:
 180 00b4 0F90      		pop r0
 181 00b6 0BBE      		out 91-32,r0
 182 00b8 0F90      		pop r0
 183 00ba 0FBE      		out __SREG__,r0
 184 00bc 0F90      		pop r0
 185 00be 1F90      		pop __zero_reg__
 186 00c0 1895      		reti
 187               	.LFE12:
 189               	.global	__vector_30
 191               	__vector_30:
 192               	.LFB13:
 193               	.LM39:
 194 00c2 1F92      		push __zero_reg__
 195 00c4 0F92      		push r0
 196 00c6 0FB6      		in r0,__SREG__
 197 00c8 0F92      		push r0
 198 00ca 0BB6      		in r0,91-32
 199 00cc 0F92      		push r0
 200 00ce 1124      		clr __zero_reg__
 201 00d0 8F93      		push r24
 202 00d2 9F93      		push r25
 203 00d4 EF93      		push r30
 204 00d6 FF93      		push r31
 205               	/* prologue: Signal */
 206               	/* frame size = 0 */
 207               	.LM40:
 208 00d8 9091 9C00 		lds r25,156
 209 00dc 9093 0000 		sts data.1735,r25
 210               	.LM41:
 211 00e0 E091 0000 		lds r30,UART1_RxHead
 212 00e4 EF5F      		subi r30,lo8(-(1))
 213 00e6 EF77      		andi r30,lo8(127)
 214 00e8 E093 0000 		sts tmphead.1736,r30
 215               	.LM42:
 216 00ec E093 0000 		sts UART1_RxHead,r30
 217               	.LM43:
 218 00f0 8091 0000 		lds r24,UART1_RxTail
 219 00f4 E817      		cp r30,r24
 220 00f6 01F4      		brne .L14
 221               	.LBB18:
 222               	.LBB19:
 223               	.LM44:
 224 00f8 8FB7      		in r24,__SREG__
 225               	.LVL4:
 226               	.LM45:
 227               	/* #APP */
 228               	 ;  414 "Uart.c" 1
 229 00fa F894      		cli
 230               	 ;  0 "" 2
 231               	.LM46:
 232               	/* #NOAPP */
 233 00fc 1092 0000 		sts UART1_RxHead,__zero_reg__
 234               	.LM47:
 235 0100 1092 0000 		sts UART1_RxTail,__zero_reg__
 236               	.LM48:
 237 0104 8FBF      		out __SREG__,r24
 238 0106 00C0      		rjmp .L16
 239               	.LVL5:
 240               	.L14:
 241               	.LBE19:
 242               	.LBE18:
 243               	.LM49:
 244 0108 F0E0      		ldi r31,lo8(0)
 245 010a E050      		subi r30,lo8(-(UART1_RxBuf))
 246 010c F040      		sbci r31,hi8(-(UART1_RxBuf))
 247 010e 9083      		st Z,r25
 248               	.LVL6:
 249               	.L16:
 250               	/* epilogue start */
 251               	.LM50:
 252 0110 FF91      		pop r31
 253 0112 EF91      		pop r30
 254 0114 9F91      		pop r25
 255 0116 8F91      		pop r24
 256               	.LVL7:
 257 0118 0F90      		pop r0
 258 011a 0BBE      		out 91-32,r0
 259 011c 0F90      		pop r0
 260 011e 0FBE      		out __SREG__,r0
 261 0120 0F90      		pop r0
 262 0122 1F90      		pop __zero_reg__
 263 0124 1895      		reti
 264               	.LFE13:
 266               	.global	__vector_19
 268               	__vector_19:
 269               	.LFB14:
 270               	.LM51:
 271 0126 1F92      		push __zero_reg__
 272 0128 0F92      		push r0
 273 012a 0FB6      		in r0,__SREG__
 274 012c 0F92      		push r0
 275 012e 0BB6      		in r0,91-32
 276 0130 0F92      		push r0
 277 0132 1124      		clr __zero_reg__
 278 0134 8F93      		push r24
 279 0136 9F93      		push r25
 280 0138 EF93      		push r30
 281 013a FF93      		push r31
 282               	/* prologue: Signal */
 283               	/* frame size = 0 */
 284               	.LM52:
 285 013c 9091 0000 		lds r25,UART0_TxHead
 286 0140 8091 0000 		lds r24,UART0_TxTail
 287 0144 9817      		cp r25,r24
 288 0146 01F0      		breq .L18
 289               	.LM53:
 290 0148 E091 0000 		lds r30,UART0_TxTail
 291 014c EF5F      		subi r30,lo8(-(1))
 292 014e EF73      		andi r30,lo8(63)
 293 0150 E093 0000 		sts tmptail.1751,r30
 294               	.LM54:
 295 0154 E093 0000 		sts UART0_TxTail,r30
 296               	.LM55:
 297 0158 F0E0      		ldi r31,lo8(0)
 298 015a E050      		subi r30,lo8(-(UART0_TxBuf))
 299 015c F040      		sbci r31,hi8(-(UART0_TxBuf))
 300 015e 8081      		ld r24,Z
 301 0160 8093 0000 		sts temp.1752,r24
 302               	.LM56:
 303 0164 8CB9      		out 44-32,r24
 304 0166 00C0      		rjmp .L20
 305               	.L18:
 306               	.LM57:
 307 0168 5598      		cbi 42-32,5
 308               	.L20:
 309               	/* epilogue start */
 310               	.LM58:
 311 016a FF91      		pop r31
 312 016c EF91      		pop r30
 313 016e 9F91      		pop r25
 314 0170 8F91      		pop r24
 315 0172 0F90      		pop r0
 316 0174 0BBE      		out 91-32,r0
 317 0176 0F90      		pop r0
 318 0178 0FBE      		out __SREG__,r0
 319 017a 0F90      		pop r0
 320 017c 1F90      		pop __zero_reg__
 321 017e 1895      		reti
 322               	.LFE14:
 324               	.global	__vector_31
 326               	__vector_31:
 327               	.LFB15:
 328               	.LM59:
 329 0180 1F92      		push __zero_reg__
 330 0182 0F92      		push r0
 331 0184 0FB6      		in r0,__SREG__
 332 0186 0F92      		push r0
 333 0188 0BB6      		in r0,91-32
 334 018a 0F92      		push r0
 335 018c 1124      		clr __zero_reg__
 336 018e 8F93      		push r24
 337 0190 9F93      		push r25
 338 0192 EF93      		push r30
 339 0194 FF93      		push r31
 340               	/* prologue: Signal */
 341               	/* frame size = 0 */
 342               	.LM60:
 343 0196 9091 0000 		lds r25,UART1_TxHead
 344 019a 8091 0000 		lds r24,UART1_TxTail
 345 019e 9817      		cp r25,r24
 346 01a0 01F0      		breq .L22
 347               	.LM61:
 348 01a2 E091 0000 		lds r30,UART1_TxTail
 349 01a6 EF5F      		subi r30,lo8(-(1))
 350 01a8 EF73      		andi r30,lo8(63)
 351 01aa E093 0000 		sts tmptail.1771,r30
 352               	.LM62:
 353 01ae E093 0000 		sts UART1_TxTail,r30
 354               	.LM63:
 355 01b2 F0E0      		ldi r31,lo8(0)
 356 01b4 E050      		subi r30,lo8(-(UART1_TxBuf))
 357 01b6 F040      		sbci r31,hi8(-(UART1_TxBuf))
 358 01b8 8081      		ld r24,Z
 359 01ba 8093 0000 		sts temp.1772,r24
 360               	.LM64:
 361 01be 8093 9C00 		sts 156,r24
 362 01c2 00C0      		rjmp .L24
 363               	.L22:
 364               	.LM65:
 365 01c4 8091 9A00 		lds r24,154
 366 01c8 8F7D      		andi r24,lo8(-33)
 367 01ca 8093 9A00 		sts 154,r24
 368               	.L24:
 369               	/* epilogue start */
 370               	.LM66:
 371 01ce FF91      		pop r31
 372 01d0 EF91      		pop r30
 373 01d2 9F91      		pop r25
 374 01d4 8F91      		pop r24
 375 01d6 0F90      		pop r0
 376 01d8 0BBE      		out 91-32,r0
 377 01da 0F90      		pop r0
 378 01dc 0FBE      		out __SREG__,r0
 379 01de 0F90      		pop r0
 380 01e0 1F90      		pop __zero_reg__
 381 01e2 1895      		reti
 382               	.LFE15:
 384               	.global	UART0_receive_byte
 386               	UART0_receive_byte:
 387               	.LFB16:
 388               	.LM67:
 389               	/* prologue: function */
 390               	/* frame size = 0 */
 391               	.L26:
 392               	.LM68:
 393 01e4 9091 0000 		lds r25,UART0_RxHead
 394 01e8 8091 0000 		lds r24,UART0_RxTail
 395 01ec 9817      		cp r25,r24
 396 01ee 01F0      		breq .L26
 397               	.LM69:
 398 01f0 E091 0000 		lds r30,UART0_RxTail
 399               	.LVL8:
 400 01f4 EF5F      		subi r30,lo8(-(1))
 401 01f6 EF77      		andi r30,lo8(127)
 402               	.LM70:
 403 01f8 E093 0000 		sts UART0_RxTail,r30
 404 01fc F0E0      		ldi r31,lo8(0)
 405               	.LVL9:
 406 01fe E050      		subi r30,lo8(-(UART0_RxBuf))
 407 0200 F040      		sbci r31,hi8(-(UART0_RxBuf))
 408               	.LVL10:
 409               	.LM71:
 410 0202 8081      		ld r24,Z
 411               	/* epilogue start */
 412 0204 0895      		ret
 413               	.LFE16:
 415               	.global	UART1_receive_byte
 417               	UART1_receive_byte:
 418               	.LFB17:
 419               	.LM72:
 420               	/* prologue: function */
 421               	/* frame size = 0 */
 422               	.L30:
 423               	.LM73:
 424 0206 9091 0000 		lds r25,UART1_RxHead
 425 020a 8091 0000 		lds r24,UART1_RxTail
 426 020e 9817      		cp r25,r24
 427 0210 01F0      		breq .L30
 428               	.LM74:
 429 0212 E091 0000 		lds r30,UART1_RxTail
 430               	.LVL11:
 431 0216 EF5F      		subi r30,lo8(-(1))
 432 0218 EF77      		andi r30,lo8(127)
 433               	.LM75:
 434 021a E093 0000 		sts UART1_RxTail,r30
 435 021e F0E0      		ldi r31,lo8(0)
 436               	.LVL12:
 437 0220 E050      		subi r30,lo8(-(UART1_RxBuf))
 438 0222 F040      		sbci r31,hi8(-(UART1_RxBuf))
 439               	.LVL13:
 440               	.LM76:
 441 0224 8081      		ld r24,Z
 442               	/* epilogue start */
 443 0226 0895      		ret
 444               	.LFE17:
 446               	.global	UART0_transmit_byte
 448               	UART0_transmit_byte:
 449               	.LFB18:
 450               	.LM77:
 451               	.LVL14:
 452               	/* prologue: function */
 453               	/* frame size = 0 */
 454 0228 282F      		mov r18,r24
 455               	.LM78:
 456 022a 9091 0000 		lds r25,UART0_TxHead
 457               	.LVL15:
 458 022e 9F5F      		subi r25,lo8(-(1))
 459 0230 9F73      		andi r25,lo8(63)
 460               	.LVL16:
 461               	.L34:
 462               	.LM79:
 463 0232 8091 0000 		lds r24,UART0_TxTail
 464 0236 9817      		cp r25,r24
 465 0238 01F0      		breq .L34
 466               	.LM80:
 467 023a E92F      		mov r30,r25
 468 023c F0E0      		ldi r31,lo8(0)
 469               	.LVL17:
 470 023e E050      		subi r30,lo8(-(UART0_TxBuf))
 471 0240 F040      		sbci r31,hi8(-(UART0_TxBuf))
 472               	.LVL18:
 473 0242 2083      		st Z,r18
 474               	.LM81:
 475 0244 9093 0000 		sts UART0_TxHead,r25
 476               	.LM82:
 477 0248 559A      		sbi 42-32,5
 478               	/* epilogue start */
 479               	.LM83:
 480 024a 0895      		ret
 481               	.LFE18:
 483               	.global	UART1_transmit_byte
 485               	UART1_transmit_byte:
 486               	.LFB19:
 487               	.LM84:
 488               	.LVL19:
 489               	/* prologue: function */
 490               	/* frame size = 0 */
 491 024c 282F      		mov r18,r24
 492               	.LM85:
 493 024e 9091 0000 		lds r25,UART1_TxHead
 494               	.LVL20:
 495 0252 9F5F      		subi r25,lo8(-(1))
 496 0254 9F73      		andi r25,lo8(63)
 497               	.LVL21:
 498               	.L38:
 499               	.LM86:
 500 0256 8091 0000 		lds r24,UART1_TxTail
 501 025a 9817      		cp r25,r24
 502 025c 01F0      		breq .L38
 503               	.LM87:
 504 025e E92F      		mov r30,r25
 505 0260 F0E0      		ldi r31,lo8(0)
 506               	.LVL22:
 507 0262 E050      		subi r30,lo8(-(UART1_TxBuf))
 508 0264 F040      		sbci r31,hi8(-(UART1_TxBuf))
 509               	.LVL23:
 510 0266 2083      		st Z,r18
 511               	.LM88:
 512 0268 9093 0000 		sts UART1_TxHead,r25
 513               	.LM89:
 514 026c 8091 9A00 		lds r24,154
 515 0270 8062      		ori r24,lo8(32)
 516 0272 8093 9A00 		sts 154,r24
 517               	/* epilogue start */
 518               	.LM90:
 519 0276 0895      		ret
 520               	.LFE19:
 522               	.global	UART0_data_in_rx_buffer
 524               	UART0_data_in_rx_buffer:
 525               	.LFB20:
 526               	.LM91:
 527               	/* prologue: function */
 528               	/* frame size = 0 */
 529               	.LM92:
 530 0278 9091 0000 		lds r25,UART0_RxHead
 531 027c 8091 0000 		lds r24,UART0_RxTail
 532 0280 20E0      		ldi r18,lo8(0)
 533 0282 9813      		cpse r25,r24
 534 0284 21E0      		ldi r18,lo8(1)
 535               	.L42:
 536               	.LM93:
 537 0286 822F      		mov r24,r18
 538               	/* epilogue start */
 539 0288 0895      		ret
 540               	.LFE20:
 542               	.global	UART1_data_in_rx_buffer
 544               	UART1_data_in_rx_buffer:
 545               	.LFB21:
 546               	.LM94:
 547               	/* prologue: function */
 548               	/* frame size = 0 */
 549               	.LM95:
 550 028a 9091 0000 		lds r25,UART1_RxHead
 551 028e 8091 0000 		lds r24,UART1_RxTail
 552 0292 20E0      		ldi r18,lo8(0)
 553 0294 9813      		cpse r25,r24
 554 0296 21E0      		ldi r18,lo8(1)
 555               	.L45:
 556               	.LM96:
 557 0298 822F      		mov r24,r18
 558               	/* epilogue start */
 559 029a 0895      		ret
 560               	.LFE21:
 562               	.global	UART0_data_in_tx_buffer
 564               	UART0_data_in_tx_buffer:
 565               	.LFB22:
 566               	.LM97:
 567               	/* prologue: function */
 568               	/* frame size = 0 */
 569               	.LM98:
 570 029c 9091 0000 		lds r25,UART0_TxHead
 571 02a0 8091 0000 		lds r24,UART0_TxTail
 572 02a4 20E0      		ldi r18,lo8(0)
 573 02a6 9813      		cpse r25,r24
 574 02a8 21E0      		ldi r18,lo8(1)
 575               	.L48:
 576               	.LM99:
 577 02aa 822F      		mov r24,r18
 578               	/* epilogue start */
 579 02ac 0895      		ret
 580               	.LFE22:
 582               	.global	UART1_data_in_tx_buffer
 584               	UART1_data_in_tx_buffer:
 585               	.LFB23:
 586               	.LM100:
 587               	/* prologue: function */
 588               	/* frame size = 0 */
 589               	.LM101:
 590 02ae 9091 0000 		lds r25,UART1_TxHead
 591 02b2 8091 0000 		lds r24,UART1_TxTail
 592 02b6 20E0      		ldi r18,lo8(0)
 593 02b8 9813      		cpse r25,r24
 594 02ba 21E0      		ldi r18,lo8(1)
 595               	.L51:
 596               	.LM102:
 597 02bc 822F      		mov r24,r18
 598               	/* epilogue start */
 599 02be 0895      		ret
 600               	.LFE23:
 602               	.global	UART0_bytes_in_rx_buffer
 604               	UART0_bytes_in_rx_buffer:
 605               	.LFB24:
 606               	.LM103:
 607               	/* prologue: function */
 608               	/* frame size = 0 */
 609               	.LM104:
 610 02c0 2FB7      		in r18,__SREG__
 611               	.LVL24:
 612               	.LM105:
 613               	/* #APP */
 614               	 ;  303 "Uart.c" 1
 615 02c2 F894      		cli
 616               	 ;  0 "" 2
 617               	.LM106:
 618               	/* #NOAPP */
 619 02c4 9091 0000 		lds r25,UART0_RxHead
 620 02c8 8091 0000 		lds r24,UART0_RxTail
 621 02cc 9817      		cp r25,r24
 622 02ce 00F0      		brlo .L54
 623               	.LM107:
 624 02d0 9091 0000 		lds r25,UART0_RxHead
 625               	.LVL25:
 626 02d4 8091 0000 		lds r24,UART0_RxTail
 627 02d8 00C0      		rjmp .L57
 628               	.LVL26:
 629               	.L54:
 630               	.LM108:
 631 02da 9091 0000 		lds r25,UART0_RxHead
 632               	.LVL27:
 633 02de 8091 0000 		lds r24,UART0_RxTail
 634 02e2 9058      		subi r25,lo8(-(-128))
 635               	.L57:
 636 02e4 981B      		sub r25,r24
 637               	.LM109:
 638 02e6 2FBF      		out __SREG__,r18
 639               	.LM110:
 640 02e8 892F      		mov r24,r25
 641               	/* epilogue start */
 642 02ea 0895      		ret
 643               	.LFE24:
 645               	.global	UART1_bytes_in_rx_buffer
 647               	UART1_bytes_in_rx_buffer:
 648               	.LFB25:
 649               	.LM111:
 650               	/* prologue: function */
 651               	/* frame size = 0 */
 652               	.LM112:
 653 02ec 2FB7      		in r18,__SREG__
 654               	.LVL28:
 655               	.LM113:
 656               	/* #APP */
 657               	 ;  324 "Uart.c" 1
 658 02ee F894      		cli
 659               	 ;  0 "" 2
 660               	.LM114:
 661               	/* #NOAPP */
 662 02f0 9091 0000 		lds r25,UART1_RxHead
 663 02f4 8091 0000 		lds r24,UART1_RxTail
 664 02f8 9817      		cp r25,r24
 665 02fa 00F0      		brlo .L59
 666               	.LM115:
 667 02fc 9091 0000 		lds r25,UART1_RxHead
 668               	.LVL29:
 669 0300 8091 0000 		lds r24,UART1_RxTail
 670 0304 00C0      		rjmp .L62
 671               	.LVL30:
 672               	.L59:
 673               	.LM116:
 674 0306 9091 0000 		lds r25,UART1_RxHead
 675               	.LVL31:
 676 030a 8091 0000 		lds r24,UART1_RxTail
 677 030e 9058      		subi r25,lo8(-(-128))
 678               	.L62:
 679 0310 981B      		sub r25,r24
 680               	.LM117:
 681 0312 2FBF      		out __SREG__,r18
 682               	.LM118:
 683 0314 892F      		mov r24,r25
 684               	/* epilogue start */
 685 0316 0895      		ret
 686               	.LFE25:
 688               	.global	UART0_bytes_in_tx_buffer
 690               	UART0_bytes_in_tx_buffer:
 691               	.LFB26:
 692               	.LM119:
 693               	/* prologue: function */
 694               	/* frame size = 0 */
 695               	.LM120:
 696 0318 2FB7      		in r18,__SREG__
 697               	.LVL32:
 698               	.LM121:
 699               	/* #APP */
 700               	 ;  345 "Uart.c" 1
 701 031a F894      		cli
 702               	 ;  0 "" 2
 703               	.LM122:
 704               	/* #NOAPP */
 705 031c 9091 0000 		lds r25,UART0_TxHead
 706 0320 8091 0000 		lds r24,UART0_TxTail
 707 0324 9817      		cp r25,r24
 708 0326 00F0      		brlo .L64
 709               	.LM123:
 710 0328 9091 0000 		lds r25,UART0_TxHead
 711               	.LVL33:
 712 032c 8091 0000 		lds r24,UART0_TxTail
 713 0330 00C0      		rjmp .L67
 714               	.LVL34:
 715               	.L64:
 716               	.LM124:
 717 0332 9091 0000 		lds r25,UART0_TxHead
 718               	.LVL35:
 719 0336 8091 0000 		lds r24,UART0_TxTail
 720 033a 905C      		subi r25,lo8(-(64))
 721               	.L67:
 722 033c 981B      		sub r25,r24
 723               	.LM125:
 724 033e 2FBF      		out __SREG__,r18
 725               	.LM126:
 726 0340 892F      		mov r24,r25
 727               	/* epilogue start */
 728 0342 0895      		ret
 729               	.LFE26:
 731               	.global	UART1_bytes_in_tx_buffer
 733               	UART1_bytes_in_tx_buffer:
 734               	.LFB27:
 735               	.LM127:
 736               	/* prologue: function */
 737               	/* frame size = 0 */
 738               	.LM128:
 739 0344 2FB7      		in r18,__SREG__
 740               	.LVL36:
 741               	.LM129:
 742               	/* #APP */
 743               	 ;  365 "Uart.c" 1
 744 0346 F894      		cli
 745               	 ;  0 "" 2
 746               	.LM130:
 747               	/* #NOAPP */
 748 0348 9091 0000 		lds r25,UART1_TxHead
 749 034c 8091 0000 		lds r24,UART1_TxTail
 750 0350 9817      		cp r25,r24
 751 0352 00F0      		brlo .L69
 752               	.LM131:
 753 0354 9091 0000 		lds r25,UART1_TxHead
 754               	.LVL37:
 755 0358 8091 0000 		lds r24,UART1_TxTail
 756 035c 00C0      		rjmp .L72
 757               	.LVL38:
 758               	.L69:
 759               	.LM132:
 760 035e 9091 0000 		lds r25,UART1_TxHead
 761               	.LVL39:
 762 0362 8091 0000 		lds r24,UART1_TxTail
 763 0366 905C      		subi r25,lo8(-(64))
 764               	.L72:
 765 0368 981B      		sub r25,r24
 766               	.LM133:
 767 036a 2FBF      		out __SREG__,r18
 768               	.LM134:
 769 036c 892F      		mov r24,r25
 770               	/* epilogue start */
 771 036e 0895      		ret
 772               	.LFE27:
 774               	.global	UART0_flush_tx_buffer
 776               	UART0_flush_tx_buffer:
 777               	.LFB28:
 778               	.LM135:
 779               	/* prologue: function */
 780               	/* frame size = 0 */
 781               	.LM136:
 782 0370 8FB7      		in r24,__SREG__
 783               	.LVL40:
 784               	.LM137:
 785               	/* #APP */
 786               	 ;  387 "Uart.c" 1
 787 0372 F894      		cli
 788               	 ;  0 "" 2
 789               	.LM138:
 790               	/* #NOAPP */
 791 0374 1092 0000 		sts UART0_TxHead,__zero_reg__
 792               	.LM139:
 793 0378 1092 0000 		sts UART0_TxTail,__zero_reg__
 794               	.LM140:
 795 037c 8FBF      		out __SREG__,r24
 796               	/* epilogue start */
 797               	.LM141:
 798 037e 0895      		ret
 799               	.LFE28:
 801               	.global	UART1_flush_tx_buffer
 803               	UART1_flush_tx_buffer:
 804               	.LFB29:
 805               	.LM142:
 806               	/* prologue: function */
 807               	/* frame size = 0 */
 808               	.LM143:
 809 0380 8FB7      		in r24,__SREG__
 810               	.LVL41:
 811               	.LM144:
 812               	/* #APP */
 813               	 ;  396 "Uart.c" 1
 814 0382 F894      		cli
 815               	 ;  0 "" 2
 816               	.LM145:
 817               	/* #NOAPP */
 818 0384 1092 0000 		sts UART1_TxHead,__zero_reg__
 819               	.LM146:
 820 0388 1092 0000 		sts UART1_TxTail,__zero_reg__
 821               	.LM147:
 822 038c 8FBF      		out __SREG__,r24
 823               	/* epilogue start */
 824               	.LM148:
 825 038e 0895      		ret
 826               	.LFE29:
 828               	.global	UART0_flush_rx_buffer
 830               	UART0_flush_rx_buffer:
 831               	.LFB30:
 832               	.LM149:
 833               	/* prologue: function */
 834               	/* frame size = 0 */
 835               	.LM150:
 836 0390 8FB7      		in r24,__SREG__
 837               	.LVL42:
 838               	.LM151:
 839               	/* #APP */
 840               	 ;  405 "Uart.c" 1
 841 0392 F894      		cli
 842               	 ;  0 "" 2
 843               	.LM152:
 844               	/* #NOAPP */
 845 0394 1092 0000 		sts UART0_RxHead,__zero_reg__
 846               	.LM153:
 847 0398 1092 0000 		sts UART0_RxTail,__zero_reg__
 848               	.LM154:
 849 039c 8FBF      		out __SREG__,r24
 850               	/* epilogue start */
 851               	.LM155:
 852 039e 0895      		ret
 853               	.LFE30:
 855               	.global	UART1_flush_rx_buffer
 857               	UART1_flush_rx_buffer:
 858               	.LFB31:
 859               	.LM156:
 860               	/* prologue: function */
 861               	/* frame size = 0 */
 862               	.LM157:
 863 03a0 8FB7      		in r24,__SREG__
 864               	.LVL43:
 865               	.LM158:
 866               	/* #APP */
 867               	 ;  414 "Uart.c" 1
 868 03a2 F894      		cli
 869               	 ;  0 "" 2
 870               	.LM159:
 871               	/* #NOAPP */
 872 03a4 1092 0000 		sts UART1_RxHead,__zero_reg__
 873               	.LM160:
 874 03a8 1092 0000 		sts UART1_RxTail,__zero_reg__
 875               	.LM161:
 876 03ac 8FBF      		out __SREG__,r24
 877               	/* epilogue start */
 878               	.LM162:
 879 03ae 0895      		ret
 880               	.LFE31:
 882               	.global	UART0_return
 884               	UART0_return:
 885               	.LFB32:
 886               	.LM163:
 887               	/* prologue: function */
 888               	/* frame size = 0 */
 889               	.LM164:
 890 03b0 80E0      		ldi r24,lo8(0)
 891 03b2 0E94 0000 		call UART0_transmit_byte
 892               	.LM165:
 893 03b6 8DE0      		ldi r24,lo8(13)
 894 03b8 0E94 0000 		call UART0_transmit_byte
 895               	.LM166:
 896 03bc 8AE0      		ldi r24,lo8(10)
 897 03be 0E94 0000 		call UART0_transmit_byte
 898               	/* epilogue start */
 899               	.LM167:
 900 03c2 0895      		ret
 901               	.LFE32:
 903               	.global	UART1_return
 905               	UART1_return:
 906               	.LFB33:
 907               	.LM168:
 908               	/* prologue: function */
 909               	/* frame size = 0 */
 910               	.LM169:
 911 03c4 80E0      		ldi r24,lo8(0)
 912 03c6 0E94 0000 		call UART1_transmit_byte
 913               	.LM170:
 914 03ca 8DE0      		ldi r24,lo8(13)
 915 03cc 0E94 0000 		call UART1_transmit_byte
 916               	.LM171:
 917 03d0 8AE0      		ldi r24,lo8(10)
 918 03d2 0E94 0000 		call UART1_transmit_byte
 919               	/* epilogue start */
 920               	.LM172:
 921 03d6 0895      		ret
 922               	.LFE33:
 924               	.global	UART0_print
 926               	UART0_print:
 927               	.LFB34:
 928               	.LM173:
 929               	.LVL44:
 930 03d8 EF92      		push r14
 931 03da FF92      		push r15
 932 03dc 0F93      		push r16
 933 03de 1F93      		push r17
 934 03e0 DF93      		push r29
 935 03e2 CF93      		push r28
 936 03e4 0F92      		push __tmp_reg__
 937 03e6 CDB7      		in r28,__SP_L__
 938 03e8 DEB7      		in r29,__SP_H__
 939               	/* prologue: function */
 940               	/* frame size = 1 */
 941 03ea 7C01      		movw r14,r24
 942               	.LM174:
 943 03ec 90E0      		ldi r25,lo8(0)
 944               	.LVL45:
 945               	.L87:
 946               	.LM175:
 947 03ee 8701      		movw r16,r14
 948 03f0 090F      		add r16,r25
 949 03f2 111D      		adc r17,__zero_reg__
 950 03f4 F801      		movw r30,r16
 951 03f6 8081      		ld r24,Z
 952 03f8 9983      		std Y+1,r25
 953               	.LVL46:
 954 03fa 0E94 0000 		call UART0_transmit_byte
 955               	.LM176:
 956 03fe F801      		movw r30,r16
 957 0400 8081      		ld r24,Z
 958 0402 9981      		ldd r25,Y+1
 959 0404 8823      		tst r24
 960 0406 01F0      		breq .L86
 961               	.LM177:
 962 0408 9F5F      		subi r25,lo8(-(1))
 963               	.LVL47:
 964 040a 00C0      		rjmp .L87
 965               	.LVL48:
 966               	.L86:
 967               	.LM178:
 968 040c 892F      		mov r24,r25
 969               	.LVL49:
 970               	/* epilogue start */
 971 040e 0F90      		pop __tmp_reg__
 972 0410 CF91      		pop r28
 973 0412 DF91      		pop r29
 974 0414 1F91      		pop r17
 975 0416 0F91      		pop r16
 976 0418 FF90      		pop r15
 977 041a EF90      		pop r14
 978               	.LVL50:
 979 041c 0895      		ret
 980               	.LFE34:
 982               	.global	UART1_print
 984               	UART1_print:
 985               	.LFB35:
 986               	.LM179:
 987               	.LVL51:
 988 041e EF92      		push r14
 989 0420 FF92      		push r15
 990 0422 0F93      		push r16
 991 0424 1F93      		push r17
 992 0426 DF93      		push r29
 993 0428 CF93      		push r28
 994 042a 0F92      		push __tmp_reg__
 995 042c CDB7      		in r28,__SP_L__
 996 042e DEB7      		in r29,__SP_H__
 997               	/* prologue: function */
 998               	/* frame size = 1 */
 999 0430 7C01      		movw r14,r24
 1000               	.LM180:
 1001 0432 90E0      		ldi r25,lo8(0)
 1002               	.LVL52:
 1003               	.L91:
 1004               	.LM181:
 1005 0434 8701      		movw r16,r14
 1006 0436 090F      		add r16,r25
 1007 0438 111D      		adc r17,__zero_reg__
 1008 043a F801      		movw r30,r16
 1009 043c 8081      		ld r24,Z
 1010 043e 9983      		std Y+1,r25
 1011               	.LVL53:
 1012 0440 0E94 0000 		call UART1_transmit_byte
 1013               	.LM182:
 1014 0444 F801      		movw r30,r16
 1015 0446 8081      		ld r24,Z
 1016 0448 9981      		ldd r25,Y+1
 1017 044a 8823      		tst r24
 1018 044c 01F0      		breq .L90
 1019               	.LM183:
 1020 044e 9F5F      		subi r25,lo8(-(1))
 1021               	.LVL54:
 1022 0450 00C0      		rjmp .L91
 1023               	.LVL55:
 1024               	.L90:
 1025               	.LM184:
 1026 0452 892F      		mov r24,r25
 1027               	.LVL56:
 1028               	/* epilogue start */
 1029 0454 0F90      		pop __tmp_reg__
 1030 0456 CF91      		pop r28
 1031 0458 DF91      		pop r29
 1032 045a 1F91      		pop r17
 1033 045c 0F91      		pop r16
 1034 045e FF90      		pop r15
 1035 0460 EF90      		pop r14
 1036               	.LVL57:
 1037 0462 0895      		ret
 1038               	.LFE35:
 1040               	.global	UART0_gets
 1042               	UART0_gets:
 1043               	.LFB36:
 1044               	.LM185:
 1045               	.LVL58:
 1046 0464 CF93      		push r28
 1047 0466 DF93      		push r29
 1048               	/* prologue: function */
 1049               	/* frame size = 0 */
 1050 0468 DC01      		movw r26,r24
 1051               	.LM186:
 1052 046a EC01      		movw r28,r24
 1053 046c 20E0      		ldi r18,lo8(0)
 1054               	.LVL59:
 1055 046e 00C0      		rjmp .L94
 1056               	.LVL60:
 1057               	.L99:
 1058               	.LM187:
 1059 0470 AE01      		movw r20,r28
 1060               	.L95:
 1061               	.LBB20:
 1062               	.LBB21:
 1063               	.LM188:
 1064 0472 9091 0000 		lds r25,UART0_RxHead
 1065 0476 8091 0000 		lds r24,UART0_RxTail
 1066 047a 9817      		cp r25,r24
 1067 047c 01F0      		breq .L95
 1068               	.LM189:
 1069 047e E091 0000 		lds r30,UART0_RxTail
 1070               	.LVL61:
 1071 0482 EF5F      		subi r30,lo8(-(1))
 1072 0484 EF77      		andi r30,lo8(127)
 1073               	.LM190:
 1074 0486 E093 0000 		sts UART0_RxTail,r30
 1075               	.LM191:
 1076 048a F0E0      		ldi r31,lo8(0)
 1077 048c E050      		subi r30,lo8(-(UART0_RxBuf))
 1078 048e F040      		sbci r31,hi8(-(UART0_RxBuf))
 1079               	.LVL62:
 1080 0490 E081      		ld r30,Z
 1081               	.LVL63:
 1082               	.LBE21:
 1083               	.LBE20:
 1084               	.LM192:
 1085 0492 E883      		st Y,r30
 1086               	.LM193:
 1087 0494 ED30      		cpi r30,lo8(13)
 1088 0496 01F0      		breq .L96
 1089 0498 EA30      		cpi r30,lo8(10)
 1090 049a 01F0      		breq .L96
 1091 049c 2196      		adiw r28,1
 1092 049e EE23      		tst r30
 1093 04a0 01F4      		brne .L97
 1094               	.L96:
 1095               	.LM194:
 1096 04a2 FA01      		movw r30,r20
 1097 04a4 1082      		st Z,__zero_reg__
 1098               	.LM195:
 1099 04a6 2F5F      		subi r18,lo8(-(1))
 1100 04a8 00C0      		rjmp .L98
 1101               	.L97:
 1102               	.LM196:
 1103 04aa 2F5F      		subi r18,lo8(-(1))
 1104               	.LVL64:
 1105               	.L94:
 1106               	.LM197:
 1107 04ac 2617      		cp r18,r22
 1108 04ae 00F0      		brlo .L99
 1109               	.LM198:
 1110 04b0 A20F      		add r26,r18
 1111 04b2 B11D      		adc r27,__zero_reg__
 1112 04b4 1197      		sbiw r26,1
 1113 04b6 1C92      		st X,__zero_reg__
 1114               	.L98:
 1115               	.LM199:
 1116 04b8 822F      		mov r24,r18
 1117               	/* epilogue start */
 1118 04ba DF91      		pop r29
 1119 04bc CF91      		pop r28
 1120 04be 0895      		ret
 1121               	.LFE36:
 1123               	.global	UART1_gets
 1125               	UART1_gets:
 1126               	.LFB37:
 1127               	.LM200:
 1128               	.LVL65:
 1129 04c0 CF93      		push r28
 1130 04c2 DF93      		push r29
 1131               	/* prologue: function */
 1132               	/* frame size = 0 */
 1133 04c4 DC01      		movw r26,r24
 1134               	.LM201:
 1135 04c6 EC01      		movw r28,r24
 1136 04c8 20E0      		ldi r18,lo8(0)
 1137               	.LVL66:
 1138 04ca 00C0      		rjmp .L103
 1139               	.LVL67:
 1140               	.L108:
 1141               	.LM202:
 1142 04cc AE01      		movw r20,r28
 1143               	.L104:
 1144               	.LBB22:
 1145               	.LBB23:
 1146               	.LM203:
 1147 04ce 9091 0000 		lds r25,UART1_RxHead
 1148 04d2 8091 0000 		lds r24,UART1_RxTail
 1149 04d6 9817      		cp r25,r24
 1150 04d8 01F0      		breq .L104
 1151               	.LM204:
 1152 04da E091 0000 		lds r30,UART1_RxTail
 1153               	.LVL68:
 1154 04de EF5F      		subi r30,lo8(-(1))
 1155 04e0 EF77      		andi r30,lo8(127)
 1156               	.LM205:
 1157 04e2 E093 0000 		sts UART1_RxTail,r30
 1158               	.LM206:
 1159 04e6 F0E0      		ldi r31,lo8(0)
 1160 04e8 E050      		subi r30,lo8(-(UART1_RxBuf))
 1161 04ea F040      		sbci r31,hi8(-(UART1_RxBuf))
 1162               	.LVL69:
 1163 04ec E081      		ld r30,Z
 1164               	.LVL70:
 1165               	.LBE23:
 1166               	.LBE22:
 1167               	.LM207:
 1168 04ee E883      		st Y,r30
 1169               	.LM208:
 1170 04f0 ED30      		cpi r30,lo8(13)
 1171 04f2 01F0      		breq .L105
 1172 04f4 EA30      		cpi r30,lo8(10)
 1173 04f6 01F0      		breq .L105
 1174 04f8 2196      		adiw r28,1
 1175 04fa EE23      		tst r30
 1176 04fc 01F4      		brne .L106
 1177               	.L105:
 1178               	.LM209:
 1179 04fe FA01      		movw r30,r20
 1180 0500 1082      		st Z,__zero_reg__
 1181               	.LM210:
 1182 0502 2F5F      		subi r18,lo8(-(1))
 1183 0504 00C0      		rjmp .L107
 1184               	.L106:
 1185               	.LM211:
 1186 0506 2F5F      		subi r18,lo8(-(1))
 1187               	.LVL71:
 1188               	.L103:
 1189               	.LM212:
 1190 0508 2617      		cp r18,r22
 1191 050a 00F0      		brlo .L108
 1192               	.LM213:
 1193 050c A20F      		add r26,r18
 1194 050e B11D      		adc r27,__zero_reg__
 1195 0510 1197      		sbiw r26,1
 1196 0512 1C92      		st X,__zero_reg__
 1197               	.L107:
 1198               	.LM214:
 1199 0514 822F      		mov r24,r18
 1200               	/* epilogue start */
 1201 0516 DF91      		pop r29
 1202 0518 CF91      		pop r28
 1203 051a 0895      		ret
 1204               	.LFE37:
 1206               	.global	UART0_send_block
 1208               	UART0_send_block:
 1209               	.LFB38:
 1210               	.LM215:
 1211               	.LVL72:
 1212 051c EF92      		push r14
 1213 051e FF92      		push r15
 1214 0520 0F93      		push r16
 1215 0522 1F93      		push r17
 1216 0524 CF93      		push r28
 1217 0526 DF93      		push r29
 1218               	/* prologue: function */
 1219               	/* frame size = 0 */
 1220 0528 7C01      		movw r14,r24
 1221               	.LM216:
 1222 052a C0E0      		ldi r28,lo8(0)
 1223 052c D0E0      		ldi r29,hi8(0)
 1224               	.LVL73:
 1225               	.LBB24:
 1226               	.LM217:
 1227 052e 062F      		mov r16,r22
 1228 0530 10E0      		ldi r17,lo8(0)
 1229               	.LVL74:
 1230 0532 00C0      		rjmp .L112
 1231               	.LVL75:
 1232               	.L113:
 1233               	.LM218:
 1234 0534 F701      		movw r30,r14
 1235 0536 EC0F      		add r30,r28
 1236 0538 FD1F      		adc r31,r29
 1237 053a 8081      		ld r24,Z
 1238 053c 0E94 0000 		call UART0_transmit_byte
 1239               	.LM219:
 1240 0540 2196      		adiw r28,1
 1241               	.LVL76:
 1242               	.L112:
 1243 0542 C017      		cp r28,r16
 1244 0544 D107      		cpc r29,r17
 1245 0546 00F0      		brlo .L113
 1246               	/* epilogue start */
 1247               	.LBE24:
 1248               	.LM220:
 1249 0548 DF91      		pop r29
 1250 054a CF91      		pop r28
 1251               	.LVL77:
 1252 054c 1F91      		pop r17
 1253               	.LVL78:
 1254 054e 0F91      		pop r16
 1255               	.LVL79:
 1256 0550 FF90      		pop r15
 1257 0552 EF90      		pop r14
 1258               	.LVL80:
 1259 0554 0895      		ret
 1260               	.LFE38:
 1262               	.global	UART1_send_block
 1264               	UART1_send_block:
 1265               	.LFB39:
 1266               	.LM221:
 1267               	.LVL81:
 1268 0556 EF92      		push r14
 1269 0558 FF92      		push r15
 1270 055a 0F93      		push r16
 1271 055c 1F93      		push r17
 1272 055e CF93      		push r28
 1273 0560 DF93      		push r29
 1274               	/* prologue: function */
 1275               	/* frame size = 0 */
 1276 0562 7C01      		movw r14,r24
 1277               	.LM222:
 1278 0564 C0E0      		ldi r28,lo8(0)
 1279 0566 D0E0      		ldi r29,hi8(0)
 1280               	.LVL82:
 1281               	.LBB25:
 1282               	.LM223:
 1283 0568 062F      		mov r16,r22
 1284 056a 10E0      		ldi r17,lo8(0)
 1285               	.LVL83:
 1286 056c 00C0      		rjmp .L116
 1287               	.LVL84:
 1288               	.L117:
 1289               	.LM224:
 1290 056e F701      		movw r30,r14
 1291 0570 EC0F      		add r30,r28
 1292 0572 FD1F      		adc r31,r29
 1293 0574 8081      		ld r24,Z
 1294 0576 0E94 0000 		call UART1_transmit_byte
 1295               	.LM225:
 1296 057a 2196      		adiw r28,1
 1297               	.LVL85:
 1298               	.L116:
 1299 057c C017      		cp r28,r16
 1300 057e D107      		cpc r29,r17
 1301 0580 00F0      		brlo .L117
 1302               	/* epilogue start */
 1303               	.LBE25:
 1304               	.LM226:
 1305 0582 DF91      		pop r29
 1306 0584 CF91      		pop r28
 1307               	.LVL86:
 1308 0586 1F91      		pop r17
 1309               	.LVL87:
 1310 0588 0F91      		pop r16
 1311               	.LVL88:
 1312 058a FF90      		pop r15
 1313 058c EF90      		pop r14
 1314               	.LVL89:
 1315 058e 0895      		ret
 1316               	.LFE39:
 1318               	.global	UART0_receive_block
 1320               	UART0_receive_block:
 1321               	.LFB40:
 1322               	.LM227:
 1323               	.LVL90:
 1324               	/* prologue: function */
 1325               	/* frame size = 0 */
 1326 0590 AC01      		movw r20,r24
 1327               	.LM228:
 1328 0592 20E0      		ldi r18,lo8(0)
 1329 0594 30E0      		ldi r19,hi8(0)
 1330               	.LVL91:
 1331               	.LBB26:
 1332               	.LM229:
 1333 0596 70E0      		ldi r23,lo8(0)
 1334               	.LVL92:
 1335 0598 00C0      		rjmp .L120
 1336               	.LVL93:
 1337               	.L123:
 1338               	.LBB27:
 1339               	.LBB28:
 1340               	.LM230:
 1341 059a 9091 0000 		lds r25,UART0_RxHead
 1342 059e 8091 0000 		lds r24,UART0_RxTail
 1343 05a2 9817      		cp r25,r24
 1344 05a4 01F0      		breq .L123
 1345               	.LM231:
 1346 05a6 E091 0000 		lds r30,UART0_RxTail
 1347               	.LVL94:
 1348 05aa EF5F      		subi r30,lo8(-(1))
 1349 05ac EF77      		andi r30,lo8(127)
 1350               	.LM232:
 1351 05ae E093 0000 		sts UART0_RxTail,r30
 1352               	.LBE28:
 1353               	.LBE27:
 1354               	.LM233:
 1355 05b2 DA01      		movw r26,r20
 1356 05b4 A20F      		add r26,r18
 1357 05b6 B31F      		adc r27,r19
 1358 05b8 F0E0      		ldi r31,lo8(0)
 1359 05ba E050      		subi r30,lo8(-(UART0_RxBuf))
 1360 05bc F040      		sbci r31,hi8(-(UART0_RxBuf))
 1361               	.LVL95:
 1362 05be 8081      		ld r24,Z
 1363 05c0 8C93      		st X,r24
 1364               	.LM234:
 1365 05c2 2F5F      		subi r18,lo8(-(1))
 1366 05c4 3F4F      		sbci r19,hi8(-(1))
 1367               	.LVL96:
 1368               	.L120:
 1369 05c6 2617      		cp r18,r22
 1370 05c8 3707      		cpc r19,r23
 1371 05ca 00F0      		brlo .L123
 1372               	/* epilogue start */
 1373               	.LBE26:
 1374               	.LM235:
 1375 05cc 0895      		ret
 1376               	.LFE40:
 1378               	.global	UART1_receive_block
 1380               	UART1_receive_block:
 1381               	.LFB41:
 1382               	.LM236:
 1383               	.LVL97:
 1384               	/* prologue: function */
 1385               	/* frame size = 0 */
 1386 05ce AC01      		movw r20,r24
 1387               	.LM237:
 1388 05d0 20E0      		ldi r18,lo8(0)
 1389 05d2 30E0      		ldi r19,hi8(0)
 1390               	.LVL98:
 1391               	.LBB29:
 1392               	.LM238:
 1393 05d4 70E0      		ldi r23,lo8(0)
 1394               	.LVL99:
 1395 05d6 00C0      		rjmp .L126
 1396               	.LVL100:
 1397               	.L129:
 1398               	.LBB30:
 1399               	.LBB31:
 1400               	.LM239:
 1401 05d8 9091 0000 		lds r25,UART1_RxHead
 1402 05dc 8091 0000 		lds r24,UART1_RxTail
 1403 05e0 9817      		cp r25,r24
 1404 05e2 01F0      		breq .L129
 1405               	.LM240:
 1406 05e4 E091 0000 		lds r30,UART1_RxTail
 1407               	.LVL101:
 1408 05e8 EF5F      		subi r30,lo8(-(1))
 1409 05ea EF77      		andi r30,lo8(127)
 1410               	.LM241:
 1411 05ec E093 0000 		sts UART1_RxTail,r30
 1412               	.LBE31:
 1413               	.LBE30:
 1414               	.LM242:
 1415 05f0 DA01      		movw r26,r20
 1416 05f2 A20F      		add r26,r18
 1417 05f4 B31F      		adc r27,r19
 1418 05f6 F0E0      		ldi r31,lo8(0)
 1419 05f8 E050      		subi r30,lo8(-(UART1_RxBuf))
 1420 05fa F040      		sbci r31,hi8(-(UART1_RxBuf))
 1421               	.LVL102:
 1422 05fc 8081      		ld r24,Z
 1423 05fe 8C93      		st X,r24
 1424               	.LM243:
 1425 0600 2F5F      		subi r18,lo8(-(1))
 1426 0602 3F4F      		sbci r19,hi8(-(1))
 1427               	.LVL103:
 1428               	.L126:
 1429 0604 2617      		cp r18,r22
 1430 0606 3707      		cpc r19,r23
 1431 0608 00F0      		brlo .L129
 1432               	/* epilogue start */
 1433               	.LBE29:
 1434               	.LM244:
 1435 060a 0895      		ret
 1436               	.LFE41:
 1438               		.lcomm temp.1772,1
 1439               		.lcomm tmptail.1771,1
 1440               		.lcomm temp.1752,1
 1441               		.lcomm tmptail.1751,1
 1442               		.lcomm tmphead.1736,1
 1443               		.lcomm data.1735,1
 1444               		.lcomm tmphead.1720,1
 1445               		.lcomm data.1719,1
 1446               		.lcomm UART0_RxBuf,128
 1447               		.lcomm UART0_TxBuf,64
 1448               		.lcomm UART1_RxBuf,128
 1449               		.lcomm UART1_TxBuf,64
 1450               		.comm uint_global_prad_M1,2,1
 1451               		.comm uint_global_prad_M2,2,1
 1452               		.comm uint_global_prad_M3,2,1
 1453               		.comm uint_global_prad_M4,2,1
 1454               		.comm uart_echo,1,1
 1455               		.comm UART0_TxHead,1,1
 1456               		.comm UART0_TxTail,1,1
 1457               		.comm UART0_RxHead,1,1
 1458               		.comm UART0_RxTail,1,1
 1459               		.comm UART1_TxHead,1,1
 1460               		.comm UART1_TxTail,1,1
 1461               		.comm UART1_RxHead,1,1
 1462               		.comm UART1_RxTail,1,1
 1751               	.Letext0:
DEFINED SYMBOLS
                            *ABS*:00000000 Uart.c
C:\Users\magku\AppData\Local\Temp/ccsXPDD6.s:2      *ABS*:0000003f __SREG__
C:\Users\magku\AppData\Local\Temp/ccsXPDD6.s:3      *ABS*:0000003e __SP_H__
C:\Users\magku\AppData\Local\Temp/ccsXPDD6.s:4      *ABS*:0000003d __SP_L__
C:\Users\magku\AppData\Local\Temp/ccsXPDD6.s:5      *ABS*:00000034 __CCP__
C:\Users\magku\AppData\Local\Temp/ccsXPDD6.s:6      *ABS*:00000000 __tmp_reg__
C:\Users\magku\AppData\Local\Temp/ccsXPDD6.s:7      *ABS*:00000001 __zero_reg__
C:\Users\magku\AppData\Local\Temp/ccsXPDD6.s:18     .text:00000000 UART0_init
                            *COM*:00000001 UART0_RxTail
                            *COM*:00000001 UART0_RxHead
                            *COM*:00000001 UART0_TxTail
                            *COM*:00000001 UART0_TxHead
                            *COM*:00000001 uart_echo
C:\Users\magku\AppData\Local\Temp/ccsXPDD6.s:49     .text:00000024 UART1_init
                            *COM*:00000001 UART1_RxTail
                            *COM*:00000001 UART1_RxHead
                            *COM*:00000001 UART1_TxTail
                            *COM*:00000001 UART1_TxHead
C:\Users\magku\AppData\Local\Temp/ccsXPDD6.s:80     .text:0000004c UART0_disable
C:\Users\magku\AppData\Local\Temp/ccsXPDD6.s:96     .text:00000054 UART1_disable
C:\Users\magku\AppData\Local\Temp/ccsXPDD6.s:114    .text:00000060 __vector_18
C:\Users\magku\AppData\Local\Temp/ccsXPDD6.s:1444   .bss:00000007 data.1719
C:\Users\magku\AppData\Local\Temp/ccsXPDD6.s:1443   .bss:00000006 tmphead.1720
C:\Users\magku\AppData\Local\Temp/ccsXPDD6.s:1445   .bss:00000008 UART0_RxBuf
C:\Users\magku\AppData\Local\Temp/ccsXPDD6.s:191    .text:000000c2 __vector_30
C:\Users\magku\AppData\Local\Temp/ccsXPDD6.s:1442   .bss:00000005 data.1735
C:\Users\magku\AppData\Local\Temp/ccsXPDD6.s:1441   .bss:00000004 tmphead.1736
C:\Users\magku\AppData\Local\Temp/ccsXPDD6.s:1447   .bss:000000c8 UART1_RxBuf
C:\Users\magku\AppData\Local\Temp/ccsXPDD6.s:268    .text:00000126 __vector_19
C:\Users\magku\AppData\Local\Temp/ccsXPDD6.s:1440   .bss:00000003 tmptail.1751
C:\Users\magku\AppData\Local\Temp/ccsXPDD6.s:1446   .bss:00000088 UART0_TxBuf
C:\Users\magku\AppData\Local\Temp/ccsXPDD6.s:1439   .bss:00000002 temp.1752
C:\Users\magku\AppData\Local\Temp/ccsXPDD6.s:326    .text:00000180 __vector_31
C:\Users\magku\AppData\Local\Temp/ccsXPDD6.s:1438   .bss:00000001 tmptail.1771
C:\Users\magku\AppData\Local\Temp/ccsXPDD6.s:1448   .bss:00000148 UART1_TxBuf
                             .bss:00000000 temp.1772
C:\Users\magku\AppData\Local\Temp/ccsXPDD6.s:386    .text:000001e4 UART0_receive_byte
C:\Users\magku\AppData\Local\Temp/ccsXPDD6.s:417    .text:00000206 UART1_receive_byte
C:\Users\magku\AppData\Local\Temp/ccsXPDD6.s:448    .text:00000228 UART0_transmit_byte
C:\Users\magku\AppData\Local\Temp/ccsXPDD6.s:485    .text:0000024c UART1_transmit_byte
C:\Users\magku\AppData\Local\Temp/ccsXPDD6.s:524    .text:00000278 UART0_data_in_rx_buffer
C:\Users\magku\AppData\Local\Temp/ccsXPDD6.s:544    .text:0000028a UART1_data_in_rx_buffer
C:\Users\magku\AppData\Local\Temp/ccsXPDD6.s:564    .text:0000029c UART0_data_in_tx_buffer
C:\Users\magku\AppData\Local\Temp/ccsXPDD6.s:584    .text:000002ae UART1_data_in_tx_buffer
C:\Users\magku\AppData\Local\Temp/ccsXPDD6.s:604    .text:000002c0 UART0_bytes_in_rx_buffer
C:\Users\magku\AppData\Local\Temp/ccsXPDD6.s:647    .text:000002ec UART1_bytes_in_rx_buffer
C:\Users\magku\AppData\Local\Temp/ccsXPDD6.s:690    .text:00000318 UART0_bytes_in_tx_buffer
C:\Users\magku\AppData\Local\Temp/ccsXPDD6.s:733    .text:00000344 UART1_bytes_in_tx_buffer
C:\Users\magku\AppData\Local\Temp/ccsXPDD6.s:776    .text:00000370 UART0_flush_tx_buffer
C:\Users\magku\AppData\Local\Temp/ccsXPDD6.s:803    .text:00000380 UART1_flush_tx_buffer
C:\Users\magku\AppData\Local\Temp/ccsXPDD6.s:830    .text:00000390 UART0_flush_rx_buffer
C:\Users\magku\AppData\Local\Temp/ccsXPDD6.s:857    .text:000003a0 UART1_flush_rx_buffer
C:\Users\magku\AppData\Local\Temp/ccsXPDD6.s:884    .text:000003b0 UART0_return
C:\Users\magku\AppData\Local\Temp/ccsXPDD6.s:905    .text:000003c4 UART1_return
C:\Users\magku\AppData\Local\Temp/ccsXPDD6.s:926    .text:000003d8 UART0_print
C:\Users\magku\AppData\Local\Temp/ccsXPDD6.s:984    .text:0000041e UART1_print
C:\Users\magku\AppData\Local\Temp/ccsXPDD6.s:1042   .text:00000464 UART0_gets
C:\Users\magku\AppData\Local\Temp/ccsXPDD6.s:1125   .text:000004c0 UART1_gets
C:\Users\magku\AppData\Local\Temp/ccsXPDD6.s:1208   .text:0000051c UART0_send_block
C:\Users\magku\AppData\Local\Temp/ccsXPDD6.s:1264   .text:00000556 UART1_send_block
C:\Users\magku\AppData\Local\Temp/ccsXPDD6.s:1320   .text:00000590 UART0_receive_block
C:\Users\magku\AppData\Local\Temp/ccsXPDD6.s:1380   .text:000005ce UART1_receive_block
                            *COM*:00000002 uint_global_prad_M1
                            *COM*:00000002 uint_global_prad_M2
                            *COM*:00000002 uint_global_prad_M3
                            *COM*:00000002 uint_global_prad_M4

UNDEFINED SYMBOLS
__do_clear_bss
